m150_dm20 191 parameters
  [cls scan] mu=1 CLs_obs=0.002126 (1 pts)
  [cls scan] mu=2 CLs_obs=1.279e-09 (2 pts)
  [cls scan] mu=0.5 CLs_obs=0.1125 (3 pts)
  [cls scan] mu=0.25 CLs_obs=0.4546 (4 pts)
  [cls scan] mu=0.001 CLs_obs=0.9972 (5 pts)
  [cls scan] mu=0.125 CLs_obs=0.7459 (6 pts)
  [cls scan] mu=0.353553 CLs_obs=0.2774 (7 pts)
  [cls scan] mu=1.0005 CLs_obs=0.002116 (8 pts)
  [cls scan] mu=0.783049 CLs_obs=0.01558 (9 pts)
  [cls scan] mu=0.641525 CLs_obs=0.04547 (10 pts)
  [cls scan] mu=0.624275 CLs_obs=0.05026 (11 pts)
  [cls scan] mu=0.625217 CLs_obs=0.04993 (12 pts)
  [cls scan] mu=0.625025 CLs_obs=0.05 (13 pts)
  [cls scan] mu=0.624994 CLs_obs=0.05001 (14 pts)
  [cls scan] mu=0.313763 CLs_obs=0.339 (15 pts)
  [cls scan] mu=0.298187 CLs_obs=0.3653 (16 pts)
  [cls scan] mu=0.299863 CLs_obs=0.3624 (17 pts)
  [cls scan] mu=0.299744 CLs_obs=0.3627 (18 pts)
  [cls scan] mu=0.299729 CLs_obs=0.3627 (19 pts)
  [cls scan] mu=0.424968 CLs_obs=0.1736 (20 pts)
  [cls scan] mu=0.407891 CLs_obs=0.2062 (21 pts)
  [cls scan] mu=0.403568 CLs_obs=0.2114 (22 pts)
  [cls scan] mu=0.403677 CLs_obs=0.2112 (23 pts)
  [cls scan] mu=0.403657 CLs_obs=0.2113 (24 pts)
  [cls scan] mu=0.694388 CLs_obs=0.03021 (25 pts)
  [cls scan] mu=0.593192 CLs_obs=0.06218 (26 pts)
  [cls scan] mu=0.56916 CLs_obs=0.07261 (27 pts)
  [cls scan] mu=0.56296 CLs_obs=0.07562 (28 pts)
  [cls scan] mu=0.563146 CLs_obs=0.07553 (29 pts)
  [cls scan] mu=0.563117 CLs_obs=0.07554 (30 pts)
  [cls scan] mu=0.927403 CLs_obs=0.004341 (31 pts)
  [cls scan] mu=0.739846 CLs_obs=0.02124 (32 pts)
  [cls scan] mu=0.819205 CLs_obs=0.01152 (33 pts)
  [cls scan] mu=0.811488 CLs_obs=0.01174 (34 pts)
  [cls scan] mu=0.775667 CLs_obs=0.01655 (35 pts)
  [cls scan] mu=0.798797 CLs_obs=0.01308 (36 pts)
  [cls scan] mu=0.790723 CLs_obs=0.01463 (37 pts)
  [cls scan] mu=0.796381 CLs_obs=0.01335 (38 pts)
  [cls scan] mu=0.793552 CLs_obs=0.01368 (39 pts)
  [cls scan] mu=0.792137 CLs_obs=0.01384 (40 pts)
  [cls scan] mu=0.79143 CLs_obs=0.01454 (41 pts)
  [cls scan] mu=0.792055 CLs_obs=0.01385 (42 pts)
  [cls scan] mu=0.791743 CLs_obs=0.01389 (43 pts)
  [cls scan] mu=0.791586 CLs_obs=0.0139 (44 pts)
  [cls scan] mu=0.791508 CLs_obs=0.01453 (45 pts)
  [cls scan] mu=1.48344 CLs_obs=5.713e-06 (46 pts)
  [cls scan] mu=1.24041 CLs_obs=0.0001436 (47 pts)
  [cls scan] mu=1.14743 CLs_obs=0.0004322 (48 pts)
  [cls scan] mu=1.10505 CLs_obs=0.0006435 (49 pts)
  [cls scan] mu=1.05278 CLs_obs=0.001229 (50 pts)
  [cls scan] mu=1.08722 CLs_obs=0.0007844 (51 pts)
  [cls scan] mu=1.07109 CLs_obs=0.0009361 (52 pts)
  [cls scan] mu=1.06893 CLs_obs=0.0009583 (53 pts)
  [cls scan] mu=1.06866 CLs_obs=0.0009612 (54 pts)
  [cls scan] mu=1.0686 CLs_obs=0.0009617 (55 pts)
Traceback (most recent call last):
  File "<repository>/local-runs/rrr-diagnosis/probe_refit.py", line 14, in <module>
    t=time.monotonic();result=compute(model,data,n_curve=3)
                              ~~~~~~~^^^^^^^^^^^^^^^^^^^^^^
  File "<repository>/src/ravel/physics/pyhf_exclude.py", line 582, in compute
    scan, values, omitted = validated_scan()
                            ~~~~~~~~~~~~~~^^
  File "<repository>/src/ravel/physics/pyhf_exclude.py", line 535, in validated_scan
    raise RuntimeError("CLs observed or expected curve is not monotonically decreasing")
RuntimeError: CLs observed or expected curve is not monotonically decreasing
