  [cls scan] mu=1 CLs_obs=0.002126 (1 pts)
  [cls scan] mu=2 CLs_obs=1.279e-09 (2 pts)
  [cls scan] mu=0.5 CLs_obs=0.1125 (3 pts)
  [cls scan] mu=0.25 CLs_obs=0.4546 (4 pts)
  [cls scan] mu=0.001 CLs_obs=0.9972 (5 pts)
  [cls scan] mu=0.125 CLs_obs=0.7459 (6 pts)
  [cls scan] mu=0.353553 CLs_obs=0.2774 (7 pts)
  [cls scan] mu=1.0005 CLs_obs=0.002115 (8 pts)
  [cls scan] mu=0.783047 CLs_obs=0.01558 (9 pts)
  [cls scan] mu=0.641524 CLs_obs=0.04546 (10 pts)
  [cls scan] mu=0.624273 CLs_obs=0.05026 (11 pts)
  [cls scan] mu=0.625215 CLs_obs=0.04993 (12 pts)
  [cls scan] mu=0.625024 CLs_obs=0.05 (13 pts)
  [cls scan] mu=0.624993 CLs_obs=0.05001 (14 pts)
  [cls scan] mu=0.31376 CLs_obs=0.339 (15 pts)
  [cls scan] mu=0.298184 CLs_obs=0.3653 (16 pts)
  [cls scan] mu=0.29986 CLs_obs=0.3625 (17 pts)
  [cls scan] mu=0.299741 CLs_obs=0.3627 (18 pts)
  [cls scan] mu=0.299726 CLs_obs=0.3627 (19 pts)
  [cls scan] mu=0.424964 CLs_obs=0.1736 (20 pts)
  [cls scan] mu=0.407887 CLs_obs=0.2063 (21 pts)
  [cls scan] mu=0.403565 CLs_obs=0.2114 (22 pts)
  [cls scan] mu=0.403673 CLs_obs=0.2112 (23 pts)
  [cls scan] mu=0.403653 CLs_obs=0.2113 (24 pts)
  [cls scan] mu=0.694378 CLs_obs=0.03022 (25 pts)
  [cls scan] mu=0.593185 CLs_obs=0.06219 (26 pts)
  [cls scan] mu=0.569155 CLs_obs=0.07261 (27 pts)
  [cls scan] mu=0.562955 CLs_obs=0.07562 (28 pts)
  [cls scan] mu=0.563141 CLs_obs=0.07553 (29 pts)
  [cls scan] mu=0.563113 CLs_obs=0.07554 (30 pts)
  [cls scan] mu=0.927401 CLs_obs=0.004341 (31 pts)
  [cls scan] mu=0.739831 CLs_obs=0.02124 (32 pts)
  [cls scan] mu=0.819204 CLs_obs=0.01152 (33 pts)
  [cls scan] mu=0.811481 CLs_obs=0.01174 (34 pts)
  [cls scan] mu=0.775656 CLs_obs=0.01655 (35 pts)
  [cls scan] mu=0.79879 CLs_obs=0.01308 (36 pts)
  [cls scan] mu=0.790717 CLs_obs=0.01463 (37 pts)
  [cls scan] mu=0.796375 CLs_obs=0.01335 (38 pts)
  [cls scan] mu=0.793546 CLs_obs=0.01368 (39 pts)
  [cls scan] mu=0.792131 CLs_obs=0.01384 (40 pts)
  [cls scan] mu=0.791424 CLs_obs=0.01392 (41 pts)
  [cls scan] mu=0.791071 CLs_obs=0.01459 (42 pts)
  [cls scan] mu=0.791385 CLs_obs=0.01393 (43 pts)
  [cls scan] mu=0.791228 CLs_obs=0.01457 (44 pts)
  [cls scan] mu=0.791345 CLs_obs=0.01455 (45 pts)
  [cls scan] mu=1.48342 CLs_obs=5.715e-06 (46 pts)
  [cls scan] mu=1.24039 CLs_obs=0.0001436 (47 pts)
  [cls scan] mu=1.14741 CLs_obs=0.0004323 (48 pts)
  [cls scan] mu=1.10505 CLs_obs=0.0006436 (49 pts)
  [cls scan] mu=1.05277 CLs_obs=0.001229 (50 pts)
  [cls scan] mu=1.08722 CLs_obs=0.0007845 (51 pts)
  [cls scan] mu=1.07109 CLs_obs=0.0009361 (52 pts)
  [cls scan] mu=1.06893 CLs_obs=0.0009584 (53 pts)
  [cls scan] mu=1.06865 CLs_obs=0.0009612 (54 pts)
  [cls scan] mu=1.0686 CLs_obs=0.0009618 (55 pts)
Traceback (most recent call last):
  File "<repository>/evidence/audits/2026-09-05-rrr-refits/refit.py", line 98, in <module>
    raise SystemExit(main())
                     ~~~~^^
  File "<repository>/evidence/audits/2026-09-05-rrr-refits/refit.py", line 85, in main
    output["result"] = compute(model, data, n_curve=3)
                       ~~~~~~~^^^^^^^^^^^^^^^^^^^^^^^^
  File "<repository>/src/ravel/physics/pyhf_exclude.py", line 582, in compute
    scan, values, omitted = validated_scan()
                            ~~~~~~~~~~~~~~^^
  File "<repository>/src/ravel/physics/pyhf_exclude.py", line 535, in validated_scan
    raise RuntimeError("CLs observed or expected curve is not monotonically decreasing")
RuntimeError: CLs observed or expected curve is not monotonically decreasing
