m200_dm20 191 parameters
  [cls scan] mu=1 CLs_obs=0.0207 (1 pts)
  [cls scan] mu=2 CLs_obs=3.237e-05 (2 pts)
  [cls scan] mu=4 CLs_obs=7.155e-14 (3 pts)
  [cls scan] mu=0.5 CLs_obs=0.2006 (4 pts)
  [cls scan] mu=0.001 CLs_obs=0.9974 (5 pts)
  [cls scan] mu=0.25 CLs_obs=0.4864 (6 pts)
  [cls scan] mu=2.0005 CLs_obs=3.225e-05 (7 pts)
  [cls scan] mu=0.918577 CLs_obs=0.03135 (8 pts)
  [cls scan] mu=0.791687 CLs_obs=0.05781 (9 pts)
  [cls scan] mu=0.829145 CLs_obs=0.04847 (10 pts)
  [cls scan] mu=0.823013 CLs_obs=0.0499 (11 pts)
  [cls scan] mu=0.8226 CLs_obs=0.05 (12 pts)
  [cls scan] mu=0.822641 CLs_obs=0.04999 (13 pts)
  [cls scan] mu=0.667584 CLs_obs=0.1009 (14 pts)
  [cls scan] mu=0.583674 CLs_obs=0.1437 (15 pts)
  [cls scan] mu=0.567691 CLs_obs=0.1534 (16 pts)
  [cls scan] mu=0.564306 CLs_obs=0.1555 (17 pts)
  [cls scan] mu=0.56435 CLs_obs=0.1555 (18 pts)
  [cls scan] mu=0.882157 CLs_obs=0.03753 (19 pts)
  [cls scan] mu=0.698508 CLs_obs=0.08818 (20 pts)
  [cls scan] mu=0.776768 CLs_obs=0.06195 (21 pts)
  [cls scan] mu=0.761554 CLs_obs=0.06644 (22 pts)
  [cls scan] mu=0.759264 CLs_obs=0.06714 (23 pts)
  [cls scan] mu=0.759302 CLs_obs=0.06713 (24 pts)
  [cls scan] mu=1.21679 CLs_obs=0.006301 (25 pts)
  [cls scan] mu=1.07609 CLs_obs=0.01382 (26 pts)
  [cls scan] mu=1.05995 CLs_obs=0.01508 (27 pts)
  [cls scan] mu=1.05813 CLs_obs=0.01523 (28 pts)
  [cls scan] mu=1.05818 CLs_obs=0.01522 (29 pts)
  [cls scan] mu=1.80268 CLs_obs=0.0001407 (30 pts)
  [cls scan] mu=1.40134 CLs_obs=0.002084 (31 pts)
  [cls scan] mu=1.53017 CLs_obs=0.0009157 (32 pts)
  [cls scan] mu=1.48821 CLs_obs=0.001202 (33 pts)
  [cls scan] mu=1.48224 CLs_obs=0.001249 (34 pts)
  [cls scan] mu=1.48232 CLs_obs=0.001249 (35 pts)
  [cls scan] mu=2.03977 CLs_obs=2.381e-05 (36 pts)
  [cls scan] mu=2.00624 CLs_obs=3.086e-05 (37 pts)
  [cls scan] mu=2.00596 CLs_obs=3.092e-05 (38 pts)
  [cls scan] mu=2.00586 CLs_obs=3.095e-05 (39 pts)
m200_dm20 135.92397075000918 0.8225996693843644 [0.5643500212266926, 0.7592643613964064, 1.0581281283132515, 1.4823215503374627, 2.005960830152645]
