m50_dm5 191 parameters
  [cls scan] mu=1 CLs_obs=1.059e-94 (1 pts)
  [cls scan] mu=0.5 CLs_obs=3.099e-36 (2 pts)
  [cls scan] mu=0.25 CLs_obs=1.626e-13 (3 pts)
  [cls scan] mu=0.125 CLs_obs=2.226e-05 (4 pts)
  [cls scan] mu=0.0625 CLs_obs=0.01506 (5 pts)
  [cls scan] mu=0.03125 CLs_obs=0.1664 (6 pts)
  [cls scan] mu=0.001 CLs_obs=0.9532 (7 pts)
  [cls scan] mu=0.015625 CLs_obs=0.4406 (8 pts)
  [cls scan] mu=0.5005 CLs_obs=2.753e-36 (9 pts)
  [cls scan] mu=0.0552875 CLs_obs=0.02765 (10 pts)
  [cls scan] mu=0.0445458 CLs_obs=0.06445 (11 pts)
  [cls scan] mu=0.048764 CLs_obs=0.04662 (12 pts)
  [cls scan] mu=0.0479644 CLs_obs=0.04961 (13 pts)
  [cls scan] mu=0.0478638 CLs_obs=0.05 (14 pts)
  [cls scan] mu=0.0478662 CLs_obs=0.04999 (15 pts)
  [cls scan] mu=0.0434622 CLs_obs=0.06992 (16 pts)
  [cls scan] mu=0.0378737 CLs_obs=0.1052 (17 pts)
  [cls scan] mu=0.0360901 CLs_obs=0.1193 (18 pts)
  [cls scan] mu=0.0362745 CLs_obs=0.1178 (19 pts)
  [cls scan] mu=0.0362621 CLs_obs=0.1179 (20 pts)
  [cls scan] mu=0.0362603 CLs_obs=0.1179 (21 pts)
  [cls scan] mu=0.0559755 CLs_obs=0.02613 (22 pts)
  [cls scan] mu=0.045902 CLs_obs=0.05815 (23 pts)
  [cls scan] mu=0.0496525 CLs_obs=0.04348 (24 pts)
  [cls scan] mu=0.0489583 CLs_obs=0.04592 (25 pts)
  [cls scan] mu=0.0488811 CLs_obs=0.04619 (26 pts)
  [cls scan] mu=0.0488836 CLs_obs=0.04619 (27 pts)
  [cls scan] mu=0.0819557 CLs_obs=0.002507 (28 pts)
  [cls scan] mu=0.070717 CLs_obs=0.007256 (29 pts)
  [cls scan] mu=0.0686982 CLs_obs=0.008714 (30 pts)
  [cls scan] mu=0.068325 CLs_obs=0.009012 (31 pts)
  [cls scan] mu=0.0683306 CLs_obs=0.009007 (32 pts)
  [cls scan] mu=0.114149 CLs_obs=8.045e-05 (33 pts)
  [cls scan] mu=0.0883247 CLs_obs=0.001329 (34 pts)
  [cls scan] mu=0.0998426 CLs_obs=0.000398 (35 pts)
  [cls scan] mu=0.0968053 CLs_obs=0.0005509 (36 pts)
  [cls scan] mu=0.0961375 CLs_obs=0.0005913 (37 pts)
  [cls scan] mu=0.0961533 CLs_obs=0.0005903 (38 pts)
  [cls scan] mu=0.0961485 CLs_obs=0.0005906 (39 pts)
  [cls scan] mu=0.158419 CLs_obs=2.935e-07 (40 pts)
  [cls scan] mu=0.135312 CLs_obs=6.207e-06 (41 pts)
  [cls scan] mu=0.131452 CLs_obs=1.007e-05 (42 pts)
  [cls scan] mu=0.130874 CLs_obs=1.083e-05 (43 pts)
  [cls scan] mu=0.130885 CLs_obs=1.081e-05 (44 pts)
m50_dm5 170.5507408339763 0.04786379281674364 [0.03626207789963803, 0.04888111665575558, 0.0683306298829176, 0.09615328271179199, 0.1308851877679058]
